INFO: System started
WARNING: Disk space low
ERROR: File not found
INFO: User logged in
ERROR: Connection failed
WARNING: High memory usage
